hrishikesh@EPINHYDW115C:/mnt/c/Users/hrishikeshsukhdeo_da/Desktop/DevOps_Training/Bash$ seq 3 | sed '2a hello'
1
2
hello
3

hrishikesh@EPINHYDW115C:/mnt/c/Users/hrishikeshsukhdeo_da/Desktop/DevOps_Training/Bash$ seq 10 | sed '2,9c hello'
1
hello
10

hrishikesh@EPINHYDW115C:/mnt/c/Users/hrishikeshsukhdeo_da/Desktop/DevOps_Training/Bash$ seq 10 | sed '2d'
1
3
4
5
6
7
8
9
10

hrishikesh@EPINHYDW115C:/mnt/c/Users/hrishikeshsukhdeo_da/Desktop/DevOps_Training/Bash$ seq 10 | sed '2d; 2i hello'
1
3
4
5
6
7
8
9
10

hrishikesh@EPINHYDW115C:/mnt/c/Users/hrishikeshsukhdeo_da/Desktop/DevOps_Training/Bash$ seq 10 | sed '2d' | sed '2i hello'
1
hello
3
4
5
6
7
8
9
10

hrishikesh@EPINHYDW115C:/mnt/c/Users/hrishikeshsukhdeo_da/Desktop/DevOps_Training/Bash$ seq 10 | sed '2r /etc/hostname'
1
2
EPINHYDW115C
3
4
5
6
7
8
9
10

hrishikesh@EPINHYDW115C:/mnt/c/Users/hrishikeshsukhdeo_da/Desktop/DevOps_Training/Bash$ ehco hello | sed 'y/abcdefghij/0123456789'
sed: -e expression #1, char 23: unterminated `y' command
Command 'ehco' not found, did you mean:
  command 'ehlo' from snap ehlo (0.0.83)
  command 'echo' from deb coreutils (9.4-2ubuntu2)
See 'snap info <snapname>' for additional versions.
hrishikesh@EPINHYDW115C:/mnt/c/Users/hrishikeshsukhdeo_da/Desktop/DevOps_Training/Bash$ ehco hello | sed 'y/abcdefghij/0123456789/'
Command 'ehco' not found, did you mean:
  command 'ehlo' from snap ehlo (0.0.83)
  command 'echo' from deb coreutils (9.4-2ubuntu2)
See 'snap info <snapname>' for additional versions.

hrishikesh@EPINHYDW115C:/mnt/c/Users/hrishikeshsukhdeo_da/Desktop/DevOps_Training/Bash$ echo hello | sed 'y/abcdefghij/0123456789/'
74llo

hrishikesh@EPINHYDW115C:/mnt/c/Users/hrishikeshsukhdeo_da/Desktop/DevOps_Training/Bash$ echo "hello hello hello" | sed 's/hello/world/'
world hello hello

hrishikesh@EPINHYDW115C:/mnt/c/Users/hrishikeshsukhdeo_da/Desktop/DevOps_Training/Bash$ echo "hello hello hello" | sed 's/hello/world/g'
world world world

hrishikesh@EPINHYDW115C:/mnt/c/Users/hrishikeshsukhdeo_da/Desktop/DevOps_Training/Bash$ echo "Hello hello HELLO" | sed 's/hello/world/gi'
world world world

hrishikesh@EPINHYDW115C:/mnt/c/Users/hrishikeshsukhdeo_da/Desktop/DevOps_Training/Bash$ echo "hello world" | sed 's/hello/& and goodbye'
sed: -e expression #1, char 21: unterminated `s' command

hrishikesh@EPINHYDW115C:/mnt/c/Users/hrishikeshsukhdeo_da/Desktop/DevOps_Training/Bash$ echo "hello world" | sed 's/hello/& and goodbye/'
hello and goodbye world

hrishikesh@EPINHYDW115C:/mnt/c/Users/hrishikeshsukhdeo_da/Desktop/DevOps_Training/Bash$ seq 10 | sed '2,7s/[0-9]/_/'
1
_
_
_
_
_
_
8
9
10
hrishikesh@EPINHYDW115C:/mnt/c/Users/hrishikeshsukhdeo_da/Desktop/DevOps_Training/Bash$